// Jest Snapshot v1, https://jestjs.io/docs/snapshot-testing

exports[`ConfirmationTable should render the table with options 1`] = `
<DocumentFragment>
  <div
    class="govuk-warning-text"
  >
    <span
      aria-hidden="true"
      class="govuk-warning-text__icon"
    >
      !
    </span>
    <strong
      class="govuk-warning-text__text"
    >
      <span
        class="govuk-visually-hidden"
      >
        Warning
      </span>
      You will not be shown these answers again, ensure they are correct.
    </strong>
  </div>
  <dl
    class="govuk-summary-list"
  >
    <div
      class="govuk-summary-list__row"
    >
      <dt
        class="govuk-summary-list__key"
      >
        Name
      </dt>
      <dd
        class="govuk-summary-list__value"
      >
        <div>
          Bob
        </div>
      </dd>
      <dd
        class="govuk-summary-list__actions"
      >
        <a
          class="govuk-link"
          href="/login"
        >
          change
          <span
            class="govuk-visually-hidden"
          >
            Name
          </span>
        </a>
      </dd>
    </div>
  </dl>
  <dl
    class="govuk-summary-list"
  >
    <div
      class="govuk-summary-list__row"
    >
      <dt
        class="govuk-summary-list__key"
      >
        House
      </dt>
      <dd
        class="govuk-summary-list__value"
      >
        <div>
          Big
        </div>
      </dd>
      <dd
        class="govuk-summary-list__actions"
      >
        <a
          class="govuk-link"
          href="/fareType"
        >
          change
          <span
            class="govuk-visually-hidden"
          >
            House
          </span>
        </a>
      </dd>
    </div>
  </dl>
</DocumentFragment>
`;
