// Jest Snapshot v1, https://jestjs.io/docs/snapshot-testing

exports[`InfoPopup should render the InfoPopup 1`] = `
<DocumentFragment>
  <div
    class="trap"
  >
    <div
      class="popup"
    >
      <div
        class="popup__content"
      >
        <h1
          class="govuk-heading-m"
        >
          my title
        </h1>
        <span
          class="govuk-hint"
          id="info-hint"
        >
          this is my text
        </span>
        <button
          class="govuk-button"
          type="button"
        >
          Ok
        </button>
      </div>
    </div>
  </div>
</DocumentFragment>
`;
